
###################################################
#                                                 #
#   LICHEM: Layered Interacting CHEmical Models   #
#                                                 #
#        Symbiotic Computational Chemistry        #
#                                                 #
###################################################

### Compiling the LICHEM binary ###
g++ ./src/LICHEM.cpp -o /home/madison/dev-lichem/dev-LICHEM/bin/lichem -static -O3 -fopenmp -I./Eigen3/ -I./src/ -I./include/
Makefile:191: recipe for target 'binary' failed

###################################################
#                                                 #
#   LICHEM: Layered Interacting CHEmical Models   #
#                                                 #
#        Symbiotic Computational Chemistry        #
#                                                 #
###################################################

### Compiling the LICHEM binary ###
g++ ./src/LICHEM.cpp -o /home/madison/dev-lichem/dev-LICHEM/bin/lichem -static -O3 -fopenmp -I./Eigen3/ -I./src/ -I./include/
Makefile:191: recipe for target 'binary' failed
